
> portfolio@0.0.0 build
> vite build

[36mvite v4.5.14 [32mbuilding for production...[36m[39m
transforming...
[32m✓[39m 59 modules transformed.
rendering chunks...
computing gzip size...
[2mdist/[22m[32mindex.html                   [39m[1m[2m  0.46 kB[22m[1m[22m[2m │ gzip:  0.30 kB[22m
[2mdist/[22m[32massets/profile-3c395343.png  [39m[1m[2m709.31 kB[22m[1m[22m
[2mdist/[22m[35massets/index-7686f062.css    [39m[1m[2m 22.76 kB[22m[1m[22m[2m │ gzip:  5.16 kB[22m
[2mdist/[22m[36massets/index-12d7c15b.js     [39m[1m[2m215.33 kB[22m[1m[22m[2m │ gzip: 63.49 kB[22m
[32m✓ built in 3.24s[39m
SUCCESS  
